diff --git a/docs/build-teal-system.md b/docs/build-teal-system.md
index c9e9b4d..97e5196 100644
--- a/docs/build-teal-system.md
+++ b/docs/build-teal-system.md
@@ -33,8 +33,9 @@ First, install the necessary build tools (excluding Rust):
 sudo apt update
 sudo apt install -y \
   build-essential bc bison flex libssl-dev libelf-dev dwarves \
-  clang-17 llvm-17 lld-17 curl wget git libpam0g-dev
+  clang-17 llvm-17 lld-17 curl wget git
 ```
+
 Next, install rustup via the official installer to manage the Rust toolchain. When prompted, choose "1) Proceed with installation (default)".
 
 ```bash
@@ -50,7 +51,6 @@ Clone the repository:
 ```bash
 cd ~
 git clone https://github.com/toshiyuki-igarashi/TEAL.git
-
 ```
 
 Download the Linux kernel source and copy the TEAL LSM components into the tree:
@@ -71,9 +71,9 @@ cd ~/linux-6.8.12/
 Register TEAL with the kernel build system (Kbuild):
 
 * Edit and append to **`security/Kconfig`**:
-`source "security/teal/Kconfig"`
+  `source "security/teal/Kconfig"`
 * Edit and append to the LSM list in **`security/Makefile`**:
-`obj-$(CONFIG_SECURITY_TEAL) += teal/`
+  `obj-$(CONFIG_SECURITY_TEAL) += teal/`
 
 Force the Rust version to `1.74.1` for **both the source and external build directories**. The C compiler will use **LLVM 17** to match the Rust backend.
 
@@ -87,7 +87,6 @@ rustup component add rust-src
 mkdir ../kernel_build_v6.8
 cd ../kernel_build_v6.8
 rustup override set 1.74.1
-
 ```
 
 Enable Rust and TEAL support via the configuration script:
@@ -125,7 +124,6 @@ Launch the menu configuration tool from the source directory to configure additi
 ```bash
 cd ~/linux-6.8.12
 make LLVM=-17 O=../kernel_build_v6.8 menuconfig
-
 ```
 
 #### Enabling Required Security Options
@@ -138,11 +136,9 @@ Within the `menuconfig` interface (you can press the `/` key to search for speci
 
 Save your changes and exit the interface. When executing the build, ensure that you accept the default values for any unconfigured option prompts.
 
-
 ```bash
 # Final build using LLVM 17
 make LLVM=-17 O=../kernel_build_v6.8 -j$(nproc)
-
 ```
 
 #### Install Kernel and Modules
@@ -167,17 +163,17 @@ sudo update-grub
 cd ~/TEAL/src
 
 sudo apt update
-sudo apt install pkg-config libtss2-dev
+sudo apt install pkg-config libtss2-dev  libpam0g-dev
 
 rustup update
 cargo build --release
 
 # Deploy binaries with correct ownership (root) and permissions (755)
+sudo install -o root -g root -m 0755 target/release/libpam_teal.so /lib/x86_64-linux-gnu/security/pam_teal.so
 sudo install -o root -g root -m 0755 target/release/teald /usr/local/sbin/
 sudo install -o root -g root -m 0755 target/release/teal-cli /usr/local/bin/
 sudo install -o root -g root -m 0755 target/release/teal-logview /usr/local/bin/
 sudo install -o root -g root -m 0755 target/release/teal-bench /usr/local/bin/
-
 ```
 
 #### Initialize Configuration Directory & Skeleton Files
@@ -300,6 +296,15 @@ sudo tee /etc/teal.d/policies/00-base.json >/dev/null <<'EOF'
 }
 EOF
 
+# 5. Enable TEAL PAM Module for System-Wide Session Tracking
+# This hooks TEAL into sshd, login, and sudo
+# Ensure we don't append it multiple times
+if ! grep -q "pam_teal.so" /etc/pam.d/common-session; then
+  echo "session optional pam_teal.so" | sudo tee -a /etc/pam.d/common-session >/dev/null
+  echo "TEAL PAM module enabled in /etc/pam.d/common-session"
+else
+  echo "TEAL PAM module already configured in /etc/pam.d/common-session"
+fi
 ```
 
 ##### Configuration & Policy Directory Structure
@@ -314,7 +319,6 @@ TEAL processes rules using a structured, multi-layered directory design. Except
 │   └── 00-base.json     # DYNAMIC: Arbitrary policy file specified inside bundle.json array [schema v1.3]
 └── roles/               # FIXED: Target storage directory for system user roles mapping
     └── roles.json       # FIXED: Standard role assignments registry file [schema v1.0]
-
 ```
 
 ##### Configuration Component Definitions
@@ -348,10 +352,8 @@ EOF
 
 sudo systemctl daemon-reload
 sudo systemctl enable --now teald
-
 ```
 
-
 #### Kernel Switch & Boot Preparation
 
 Before starting the daemon, you must boot into the newly compiled TEAL kernel.
@@ -371,14 +373,12 @@ GRUB_TIMEOUT=5
 
 # Isolate TEAL as the only active LSM
 GRUB_CMDLINE_LINUX_DEFAULT="quiet splash lsm=teal"
-
 ```
 
 After editing, apply the changes:
 
 ```bash
 sudo update-grub
-
 ```
 
 **3. Advanced Example Policies (Log Storm Prevention)**
@@ -389,7 +389,6 @@ Reboot and select the newly compiled TEAL kernel from the GRUB menu.
 
 ```bash
 sudo reboot
-
 ```
 
 ### 3 Starting the Daemon
@@ -418,7 +417,6 @@ Verify TEAL operation via logs:
 teal-logview tail
 ```
 
-
 #### Optional: Build Alloy-based Policy Verifier
 
 ```bash
@@ -440,10 +438,8 @@ if ! grep -q "TEAL_ALLOY_JAR" ~/.bashrc; then
   echo 'export TEAL_ALLOY_JAR="$HOME/.local/lib/teal/alloy-cli.jar"' >> ~/.bashrc
   source ~/.bashrc
 fi
-
 ```
 
-
 ---
 
 ### Appendix: Advanced Configuration & Troubleshooting
@@ -456,7 +452,6 @@ To prevent the OS package manager (`apt`) from automatically overriding your def
 # In /etc/default/grub
 GRUB_DEFAULT=saved
 GRUB_SAVEDEFAULT=true
-
 ```
 
 *(Run `sudo update-grub` after modifying).*
@@ -476,7 +471,6 @@ Create a file at `/etc/logrotate.d/teal`:
     notifempty
     create 0640 root root
 }
-
 ```
 
 #### C. Kernel Signing with Machine Owner Key (MOK)
@@ -497,21 +491,21 @@ sudo sbsign --key MOK.priv --cert MOK.pem /boot/vmlinuz-6.8.12 --output /boot/vm
 
 # 4. Schedule the key for enrollment in UEFI (using DER)
 sudo mokutil --import MOK.der
-
 ```
 
 When executing `mokutil`, you will be prompted for passwords in two distinct stages.
 
 * **Stage 1: `[sudo] password for <user>:**`
+
 * **What to enter:** Your standard Ubuntu (Xubuntu) **login password**.
-* **Reason:** Required to execute the command with administrator (root) privileges.
 
+* **Reason:** Required to execute the command with administrator (root) privileges.
 
 * **Stage 2: `input password:` and `Confirm password:**`
-* **What to enter:** A **new, temporary password** of your choosing.
-* **Reason:** This one-time password is used to verify your identity on the "MOK manager" (blue screen) that appears right after rebooting, before the OS boots. You must enter it twice.
 
+* **What to enter:** A **new, temporary password** of your choosing.
 
+* **Reason:** This one-time password is used to verify your identity on the "MOK manager" (blue screen) that appears right after rebooting, before the OS boots. You must enter it twice.
 
 > **Crucial Warning for the MOK Password (Stage 2)**
 > The UEFI screen (blue screen) after reboot frequently defaults to a "US (English) layout". If you use symbols like `@` or `_` assuming a JIS (Japanese) layout, you may be unable to type them correctly, resulting in authentication failure.
@@ -525,7 +519,7 @@ Upon restarting the PC, before the OS (GRUB) boots, a blue screen titled **"Perf
 2. Select **`View key 0`** to inspect the key details if desired, then select **`Continue`** to proceed.
 3. When prompted with **`Enroll the key(s)?`**, select **`Yes`**.
 4. When **`Password:`** appears, enter the **temporary password** you created in Stage 2, and press Enter.
-*(Note: As you type, the screen will remain completely blank without `*` characters, but your keystrokes are being registered).*
+   *(Note: As you type, the screen will remain completely blank without `*` characters, but your keystrokes are being registered).*
 5. Finally, select **`Reboot`**.
 
 #### D. Troubleshooting
@@ -533,9 +527,8 @@ Upon restarting the PC, before the OS (GRUB) boots, a blue screen titled **"Perf
 If TEAL fails to start or the system becomes unstable, follow these steps:
 
 1. **Daemon Initialization Failure:**
-Check the `teald` logs using `sudo journalctl -u teald -f`. TEAL enforces strict JSON schema validation. A single syntax error or missing bracket in `/etc/teal.d/` will cause the daemon to refuse startup for safety reasons.
+   Check the `teald` logs using `sudo journalctl -u teald -f`. TEAL enforces strict JSON schema validation. A single syntax error or missing bracket in `/etc/teal.d/` will cause the daemon to refuse startup for safety reasons.
 2. **Boot Loops or Kernel Panics:**
-Hard reboot the machine, hold `Shift` or `Esc` to access the GRUB menu, and select your original stock Ubuntu kernel (e.g., 6.8.0-xx-generic) to recover the system.
+   Hard reboot the machine, hold `Shift` or `Esc` to access the GRUB menu, and select your original stock Ubuntu kernel (e.g., 6.8.0-xx-generic) to recover the system.
 3. **Module Loading Issues:**
-Run `dmesg | grep -i teal` to check for kernel-level initialization errors, LSM registration failures, or Fast Path cache allocation issues.
-
+   Run `dmesg | grep -i teal` to check for kernel-level initialization errors, LSM registration failures, or Fast Path cache allocation issues.
diff --git a/src/pam_teal/src/lib.rs b/src/pam_teal/src/lib.rs
index 049a7ad..52e2465 100644
--- a/src/pam_teal/src/lib.rs
+++ b/src/pam_teal/src/lib.rs
@@ -5,10 +5,12 @@
 // Copyright (c) 2026 Toshiyuki Igarashi
 use std::ffi::CStr;
 use std::os::raw::{c_char, c_int, c_void};
+use std::os::unix::net::UnixStream;
+use std::io::Write;
 
 // --- PAMの定数定義 ---
 const PAM_SUCCESS: c_int = 0;
-const PAM_USER_UNKNOWN: c_int = 13;
+//const PAM_USER_UNKNOWN: c_int = 13;
 const PAM_TTY: c_int = 3;
 
 // --- PAMの不透明(Opaque)構造体 ---
@@ -34,34 +36,59 @@ extern "C" {
 }
 
 // =========================================================================
-// PAMモジュールのエントリポイント (C言語互換)
+// ヘルパー関数
 // =========================================================================
 
-#[no_mangle]
-pub extern "C" fn pam_sm_open_session(
-    pamh: *mut pam_handle_t,
-    _flags: c_int,
-    _argc: c_int,
-    _argv: *const *const c_char,
-) -> c_int {
+/// teald に UNIX Domain Socket 経由でイベント（JSON文字列）を送信する
+fn notify_teald(action: &str, user: &str, tty: &str) {
+    let socket_path = "/tmp/teal_pam.sock";
+    
+    // tealdへの接続を試みる
+    if let Ok(mut stream) = UnixStream::connect(socket_path) {
+        // serdeを使わずに標準機能で軽量なJSONを組み立て
+        let msg = format!(r#"{{"action":"{}", "user":"{}", "tty":"{}"}}"#, action, user, tty);
+        let _ = stream.write_all(msg.as_bytes());
+    }
+    // tealdが停止中の場合でも、PAMのログイン処理自体は止めないようにエラーは握りつぶす(フェイルセーフ)
+}
+
+/// pam_handle_t からユーザー名とTTYを安全に取り出す
+unsafe fn get_session_info(pamh: *const pam_handle_t) -> (String, String) {
     // 1. ユーザー名の取得
     let mut user_ptr: *const c_char = std::ptr::null();
-    let ret = unsafe { pam_get_user(pamh, &mut user_ptr, std::ptr::null()) };
-    if ret != PAM_SUCCESS || user_ptr.is_null() {
-        return PAM_USER_UNKNOWN;
-    }
-    let user = unsafe { CStr::from_ptr(user_ptr) }.to_string_lossy().into_owned();
+    let user = if pam_get_user(pamh, &mut user_ptr, std::ptr::null()) == PAM_SUCCESS && !user_ptr.is_null() {
+        CStr::from_ptr(user_ptr).to_string_lossy().into_owned()
+    } else {
+        "unknown".to_string()
+    };
 
     // 2. TTYの取得
     let mut tty_ptr: *const c_void = std::ptr::null();
-    let ret = unsafe { pam_get_item(pamh, PAM_TTY, &mut tty_ptr) };
-    let tty = if ret == PAM_SUCCESS && !tty_ptr.is_null() {
-        unsafe { CStr::from_ptr(tty_ptr as *const c_char) }.to_string_lossy().into_owned()
+    let tty = if pam_get_item(pamh, PAM_TTY, &mut tty_ptr) == PAM_SUCCESS && !tty_ptr.is_null() {
+        CStr::from_ptr(tty_ptr as *const c_char).to_string_lossy().into_owned()
     } else {
         "unknown".to_string()
     };
 
-    // TODO: ここで teald (Unix Domain Socket) に繋いで、user と tty を送信する
+    (user, tty)
+}
+
+// =========================================================================
+// PAMモジュールのエントリポイント (C言語互換)
+// =========================================================================
+
+#[no_mangle]
+pub extern "C" fn pam_sm_open_session(
+    pamh: *mut pam_handle_t,
+    _flags: c_int,
+    _argc: c_int,
+    _argv: *const *const c_char,
+) -> c_int {
+    // ヘルパーを使って情報を取得
+    let (user, tty) = unsafe { get_session_info(pamh) };
+
+    // teald へログインを通知
+    notify_teald("login", &user, &tty);
     println!("[TEAL PAM] User '{}' logged in on TTY '{}'", user, tty);
 
     PAM_SUCCESS
@@ -69,11 +96,17 @@ pub extern "C" fn pam_sm_open_session(
 
 #[no_mangle]
 pub extern "C" fn pam_sm_close_session(
-    _pamh: *mut pam_handle_t,
+    pamh: *mut pam_handle_t,
     _flags: c_int,
     _argc: c_int,
     _argv: *const *const c_char,
 ) -> c_int {
-    // TODO: teald にログアウトしたことを通知し、台帳からTTYを削除させる
+    // ヘルパーを使って情報を取得
+    let (user, tty) = unsafe { get_session_info(pamh) };
+
+    // teald へログアウトを通知
+    notify_teald("logout", &user, &tty);
+    println!("[TEAL PAM] User '{}' logged out from TTY '{}'", user, tty);
+
     PAM_SUCCESS
-}
+}
\ No newline at end of file
diff --git a/src/teald/src/pam_server.rs b/src/teald/src/pam_server.rs
index 6f8f914..033ac72 100644
--- a/src/teald/src/pam_server.rs
+++ b/src/teald/src/pam_server.rs
@@ -56,13 +56,24 @@ pub async fn start_pam_listener() {
                         // 5. JSONをパースする
                         match serde_json::from_str::<PamEvent>(&buffer) {
                             Ok(event) => {
-                                // ログインイベントの場合、AppStateに登録
-                                if event.action == "login" {
-                                    let mut st = app_state().lock().await;
-                                    st.slow.active_tty_sessions.insert(event.tty.clone(), event.user.clone());
+                                let mut st = app_state().lock().await;
 
-                                    println!("[teald-PAM] Registered session: user={} at {}", event.user, event.tty);
+                                // アクションによる分岐（ログインとログアウト）
+                                match event.action.as_str() {
+                                    "login" => {
+                                        st.slow.active_tty_sessions.insert(event.tty.clone(), event.user.clone());
+                                        println!("[teald-PAM] Registered session: user={} at {}", event.user, event.tty);
+                                    }
+                                    "logout" => {
+                                        // ログアウト時は該当するTTYのセッション情報を削除する
+                                        st.slow.active_tty_sessions.remove(&event.tty);
+                                        println!("[teald-PAM] Removed session for TTY {}", event.tty);
+                                    }
+                                    _ => {
+                                        eprintln!("[WARN] teald-PAM: Unknown action '{}'", event.action);
+                                    }
                                 }
+
                             }
                             Err(e) => {
                                 eprintln!("[WARN] teald-PAM: Failed to parse JSON from PAM: {}. Received: {}", e, buffer);
